{
  "create_groups": {
    "group_1": {
      "results": {
        "id": "4e26a744-8edc-4c76-8da6-856a616f5103",
        "name": "Test Group 1 58ba2278-1b19-4051-ba60-00246e6e4a40",
        "description": "A test group for permissions",
        "created_at": "2024-08-10T03:11:48.812753+00:00",
        "updated_at": "2024-08-10T03:11:48.812753+00:00"
      }
    },
    "group_2": {
      "results": {
        "id": "0b447aa3-6d0a-4aca-9ee9-cf5b9888d7a5",
        "name": "Test Group 2 f3b4e8dd-7a74-40cc-ae8c-ae8105254755",
        "description": "Another test group for permissions",
        "created_at": "2024-08-10T03:11:49.014983+00:00",
        "updated_at": "2024-08-10T03:11:49.014983+00:00"
      }
    }
  },
  "add_users_to_groups": {
    "user_1": {
      "results": {
        "email": "user1_4c46b72f-c7c2-4cb6-93b6-57a8192d6e9d@example.com",
        "id": "2d97568e-e0f6-51ba-ace1-ca7d0ec20dfc",
        "group_ids": [],
        "hashed_password": "$2b$12$LtiyG1SY/oJjdK15bI0nF.tbuKH71mcEewBiCmi0mrIIefpn3y02O",
        "is_superuser": false,
        "is_active": true,
        "is_verified": false,
        "verification_code_expiry": null,
        "name": null,
        "bio": null,
        "profile_picture": null,
        "created_at": "2024-08-10T03:11:49.429696Z",
        "updated_at": "2024-08-10T03:11:49.429696Z"
      }
    },
    "user_2": {
      "results": {
        "email": "user2_9e093639-0711-467a-88c9-eb35a1ae179d@example.com",
        "id": "c607b904-da36-53a2-8e35-0074e4e23a01",
        "group_ids": [],
        "hashed_password": "$2b$12$JeF87ibxamEsW0Hu/7e8zeRQ65oisckeI74EznZJRGikJnFzVY1aq",
        "is_superuser": false,
        "is_active": true,
        "is_verified": false,
        "verification_code_expiry": null,
        "name": null,
        "bio": null,
        "profile_picture": null,
        "created_at": "2024-08-10T03:11:49.938146Z",
        "updated_at": "2024-08-10T03:11:49.938146Z"
      }
    }
  },
  "group_based_document_access": {
    "admin_ingest": {
      "results": {
        "processed_documents": [
          "Document 'test_document.txt' processed successfully."
        ],
        "failed_documents": [],
        "skipped_documents": [],
        "successful_document_ids": [
          "5d596348-320d-5d7a-b540-7d40258dae46"
        ]
      }
    },
    "user_1_search": {
      "results": {
        "vector_search_results": [],
        "kg_search_results": []
      }
    },
    "user_2_search": {
      "results": {
        "vector_search_results": [],
        "kg_search_results": []
      }
    }
  },
  "cleanup": {
    "status": "cleanup completed"
  }
}
