{
    "update_document_test": {
      "results": {
        "processed_documents": [
          {
            "id": "db02076e-989a-59cd-98d5-e24e15a0bd27",
            "group_ids": [],
            "user_id": "2acb499e-8428-543b-bd85-0d9098718220",
            "type": "txt",
            "metadata": {},
            "title": "aristotle_v2.txt",
            "version": "v5",
            "size_in_bytes": 7443,
            "status": "success",
            "created_at": "2024-08-13T17:40:47.624486",
            "updated_at": "2024-08-13T17:40:47.624486"
          }
        ],
        "failed_documents": [],
        "skipped_documents": []
      }
    },
    "delete_document_test": {
      "results": "No entries found for deletion."
    },
    "rerun_documents_overview_test": {
      "results": [
        {
          "id": "716fea3a-826b-5b27-8e59-ffbd1a35455a",
          "group_ids": [],
          "user_id": "2acb499e-8428-543b-bd85-0d9098718220",
          "type": "txt",
          "metadata": {},
          "title": "got.txt",
          "version": "v0",
          "size_in_bytes": 9491,
          "status": "success",
          "created_at": "2024-08-13T17:16:07.374613Z",
          "updated_at": "2024-08-13T17:16:07.374613Z"
        },
        {
          "id": "52e12576-090f-59db-91f4-6d4b2e29ae6c",
          "group_ids": [],
          "user_id": "2acb499e-8428-543b-bd85-0d9098718220",
          "type": "mp3",
          "metadata": {},
          "title": "sample.mp3",
          "version": "v0",
          "size_in_bytes": 121671,
          "status": "success",
          "created_at": "2024-08-13T17:16:07.374619Z",
          "updated_at": "2024-08-13T17:16:07.374619Z"
        },
        {
          "id": "3e157b3a-8469-51db-90d9-52e7d896b49b",
          "group_ids": [],
          "user_id": "2acb499e-8428-543b-bd85-0d9098718220",
          "type": "pdf",
          "metadata": {},
          "title": "uber_2021.pdf",
          "version": "v0",
          "size_in_bytes": 1880483,
          "status": "success",
          "created_at": "2024-08-13T17:16:07.374624Z",
          "updated_at": "2024-08-13T17:16:07.374624Z"
        },
        {
          "id": "01d514a4-5cb1-5c86-be8c-0c5c312a02c9",
          "group_ids": [],
          "user_id": "2acb499e-8428-543b-bd85-0d9098718220",
          "type": "mp3",
          "metadata": {},
          "title": "sample2.mp3",
          "version": "v0",
          "size_in_bytes": 72456,
          "status": "success",
          "created_at": "2024-08-13T17:16:07.374632Z",
          "updated_at": "2024-08-13T17:16:07.374632Z"
        },
        {
          "id": "c3291abf-8a4e-5d9d-80fd-232ef6fd8526",
          "group_ids": [],
          "user_id": "2acb499e-8428-543b-bd85-0d9098718220",
          "type": "txt",
          "metadata": {},
          "title": "aristotle_v2.txt",
          "version": "v0",
          "size_in_bytes": 7443,
          "status": "success",
          "created_at": "2024-08-13T17:16:07.374638Z",
          "updated_at": "2024-08-13T17:16:07.374638Z"
        },
        {
          "id": "e797da22-8c5d-54e5-bed5-a55954cf6bf9",
          "group_ids": [],
          "user_id": "2acb499e-8428-543b-bd85-0d9098718220",
          "type": "html",
          "metadata": {},
          "title": "pg_essay_4.html",
          "version": "v0",
          "size_in_bytes": 118113,
          "status": "success",
          "created_at": "2024-08-13T17:16:07.374643Z",
          "updated_at": "2024-08-13T17:16:07.374643Z"
        },
        {
          "id": "7c1105fc-8f62-5a8f-ac81-fe88f3ec9e4c",
          "group_ids": [],
          "user_id": "2acb499e-8428-543b-bd85-0d9098718220",
          "type": "html",
          "metadata": {},
          "title": "pg_essay_5.html",
          "version": "v0",
          "size_in_bytes": 123779,
          "status": "success",
          "created_at": "2024-08-13T17:16:07.374647Z",
          "updated_at": "2024-08-13T17:16:07.374647Z"
        },
        {
          "id": "2f576170-c4f9-5141-a910-a0924f341de4",
          "group_ids": [],
          "user_id": "2acb499e-8428-543b-bd85-0d9098718220",
          "type": "pdf",
          "metadata": {},
          "title": "lyft_2021.pdf",
          "version": "v0",
          "size_in_bytes": 1440303,
          "status": "success",
          "created_at": "2024-08-13T17:16:07.374651Z",
          "updated_at": "2024-08-13T17:16:07.374651Z"
        },
        {
          "id": "30f950f0-c692-57c5-b6ec-ff78ccf5ccdc",
          "group_ids": [],
          "user_id": "2acb499e-8428-543b-bd85-0d9098718220",
          "type": "txt",
          "metadata": {},
          "title": "test.txt",
          "version": "v0",
          "size_in_bytes": 20,
          "status": "success",
          "created_at": "2024-08-13T17:16:07.374655Z",
          "updated_at": "2024-08-13T17:16:07.374655Z"
        },
        {
          "id": "57eec3df-cf68-5559-a80d-ae3fb55b9af1",
          "group_ids": [],
          "user_id": "2acb499e-8428-543b-bd85-0d9098718220",
          "type": "html",
          "metadata": {},
          "title": "pg_essay_2.html",
          "version": "v0",
          "size_in_bytes": 125112,
          "status": "success",
          "created_at": "2024-08-13T17:16:07.374658Z",
          "updated_at": "2024-08-13T17:16:07.374658Z"
        },
        {
          "id": "d421207a-d799-5806-8d67-46b2005b15d4",
          "group_ids": [],
          "user_id": "2acb499e-8428-543b-bd85-0d9098718220",
          "type": "txt",
          "metadata": {},
          "title": "yc_companies.txt",
          "version": "v0",
          "size_in_bytes": 47209,
          "status": "success",
          "created_at": "2024-08-13T17:16:07.374670Z",
          "updated_at": "2024-08-13T17:16:07.374670Z"
        },
        {
          "id": "451adbbd-e24e-5c9b-80a8-f424b6c7accb",
          "group_ids": [],
          "user_id": "2acb499e-8428-543b-bd85-0d9098718220",
          "type": "png",
          "metadata": {},
          "title": "screen_shot.png",
          "version": "v0",
          "size_in_bytes": 791764,
          "status": "success",
          "created_at": "2024-08-13T17:16:07.374673Z",
          "updated_at": "2024-08-13T17:16:07.374673Z"
        },
        {
          "id": "5b1bd54f-4d70-56b9-a017-a618bc75f94c",
          "group_ids": [],
          "user_id": "2acb499e-8428-543b-bd85-0d9098718220",
          "type": "html",
          "metadata": {},
          "title": "pg_essay_3.html",
          "version": "v0",
          "size_in_bytes": 124915,
          "status": "success",
          "created_at": "2024-08-13T17:16:07.374677Z",
          "updated_at": "2024-08-13T17:16:07.374677Z"
        },
        {
          "id": "db02076e-989a-59cd-98d5-e24e15a0bd27",
          "group_ids": [],
          "user_id": "2acb499e-8428-543b-bd85-0d9098718220",
          "type": "txt",
          "metadata": {},
          "title": "aristotle_v2.txt",
          "version": "v5",
          "size_in_bytes": 7443,
          "status": "success",
          "created_at": "2024-08-13T17:16:07.374666Z",
          "updated_at": "2024-08-13T17:40:47.624486Z"
        }
      ]
    },
    "rerun_document_chunks_test": {
      "results": "No chunks found for the given document ID."
    }
  }
